// Jest Snapshot v1, https://goo.gl/fbAQLP

exports[`should render ExpenseListItem with expenses 1`] = `
<div>
  <Link
    to="/edit/123abc"
  >
    <h3>
      Gum
    </h3>
  </Link>
  <p>
    $1.95
    -
    January 1st, 1970
  </p>
</div>
`;
